2026-01-23 04:15:59,443 - INFO - --- 开始训练任务 (针对 11GB 数据的优化版) ---
2026-01-23 04:15:59,501 - INFO - 类别统计: Abiotic=18194, Biotic=22365
2026-01-23 04:15:59,501 - INFO - 损失函数补偿权重: tensor([1.1028, 0.8972])
2026-01-23 04:15:59,636 - INFO - 🆕 未发现预存权重，将从官方预训练大脑开始训练。
2026-01-23 04:15:59,637 - INFO - 开始第 1/5 轮训练...
2026-01-23 04:26:22,254 - INFO - Epoch [1/5], Step [500/1268], Loss: 0.2247
2026-01-23 04:34:25,232 - INFO - Epoch [1/5], Step [1000/1268], Loss: 0.6161
2026-01-23 04:38:44,078 - INFO - ===> Epoch 1 完成，平均 Loss: 0.2987, 下轮学习率: 0.0005
2026-01-23 04:38:44,102 - INFO - 模型权重已保存至: checkpoint_epoch_1.pth
2026-01-23 04:38:44,102 - INFO - 开始第 2/5 轮训练...
2026-01-23 04:46:52,055 - INFO - Epoch [2/5], Step [500/1268], Loss: 0.2703
2026-01-23 04:54:48,289 - INFO - Epoch [2/5], Step [1000/1268], Loss: 0.1794
2026-01-23 04:59:00,295 - INFO - ===> Epoch 2 完成，平均 Loss: 0.2165, 下轮学习率: 0.0005
2026-01-23 04:59:00,319 - INFO - 模型权重已保存至: checkpoint_epoch_2.pth
2026-01-23 04:59:00,319 - INFO - 开始第 3/5 轮训练...
2026-01-23 05:07:01,312 - INFO - Epoch [3/5], Step [500/1268], Loss: 0.1508
2026-01-23 05:14:47,253 - INFO - Epoch [3/5], Step [1000/1268], Loss: 0.3515
2026-01-23 05:18:56,971 - INFO - ===> Epoch 3 完成，平均 Loss: 0.1860, 下轮学习率: 0.00025
2026-01-23 05:18:56,994 - INFO - 模型权重已保存至: checkpoint_epoch_3.pth
2026-01-23 05:18:56,999 - INFO - 开始第 4/5 轮训练...
2026-01-23 05:26:55,593 - INFO - Epoch [4/5], Step [500/1268], Loss: 0.1215
2026-01-23 05:34:43,092 - INFO - Epoch [4/5], Step [1000/1268], Loss: 0.0472
2026-01-23 05:38:55,034 - INFO - ===> Epoch 4 完成，平均 Loss: 0.1287, 下轮学习率: 0.00025
2026-01-23 05:38:55,056 - INFO - 模型权重已保存至: checkpoint_epoch_4.pth
2026-01-23 05:38:55,056 - INFO - 开始第 5/5 轮训练...
2026-01-23 05:46:55,094 - INFO - Epoch [5/5], Step [500/1268], Loss: 0.0796
2026-01-23 05:54:42,149 - INFO - Epoch [5/5], Step [1000/1268], Loss: 0.2133
2026-01-23 05:58:53,253 - INFO - ===> Epoch 5 完成，平均 Loss: 0.1124, 下轮学习率: 0.00025
2026-01-23 05:58:53,285 - INFO - 模型权重已保存至: checkpoint_epoch_5.pth
2026-01-23 05:58:53,285 - INFO - --- 5 轮训练任务圆满完成！ ---
2026-01-23 05:58:53,286 - INFO - --- 训练结束，准备后续分析 ---
2026-01-23 13:27:25,455 - INFO - --- 开始训练任务 (针对 11GB 数据的优化版) ---
2026-01-23 13:27:25,514 - INFO - 类别统计: Abiotic=18194, Biotic=22365
2026-01-23 13:27:25,514 - INFO - 损失函数补偿权重: tensor([1.1028, 0.8972])
2026-01-23 13:27:25,652 - INFO - 🔍 发现已存在的权重文件: D:\Aa_Polimi\Polimi_Studying\Sem3\COMMUNICATION_IN_GREEN_INFRASTRUCTURES\CGI_project\output\All_crop_train\checkpoint_epoch_5.pth，正在加载...
2026-01-23 13:27:25,689 - INFO - ✅ 权重加载成功！将在现有基础上继续训练/测试。
2026-01-23 13:42:38,205 - INFO - --- 开始训练任务 (针对 11GB 数据的优化版) ---
2026-01-23 13:42:38,264 - INFO - 类别统计: Abiotic=18194, Biotic=22365
2026-01-23 13:42:38,266 - INFO - 损失函数补偿权重: tensor([1.1028, 0.8972])
2026-01-23 13:42:38,390 - INFO - 🔍 发现已存在的权重文件: D:\Aa_Polimi\Polimi_Studying\Sem3\COMMUNICATION_IN_GREEN_INFRASTRUCTURES\CGI_project\output\All_crop_train\checkpoint_epoch_5.pth，正在加载...
2026-01-23 13:42:38,421 - INFO - ✅ 权重加载成功！将在现有基础上继续训练/测试。
2026-01-23 13:42:38,421 - INFO - 开始第 6/7 轮训练...
2026-01-23 14:02:24,955 - INFO - Epoch [6/7], Step [500/1268], Loss: 0.0805
2026-01-23 14:22:41,088 - INFO - Epoch [6/7], Step [1000/1268], Loss: 0.0426
2026-01-23 14:33:14,042 - INFO - ===> Epoch 6 完成，本轮 LR: 0.00025
2026-01-23 14:33:14,043 - INFO - 平均 Loss: 0.1004
2026-01-23 14:33:14,182 - INFO - 模型权重已保存至: checkpoint_epoch_6.pth
2026-01-23 14:33:14,186 - INFO - 开始第 7/7 轮训练...
2026-01-23 14:53:51,545 - INFO - Epoch [7/7], Step [500/1268], Loss: 0.0158
2026-01-23 15:14:01,741 - INFO - Epoch [7/7], Step [1000/1268], Loss: 0.0848
2026-01-23 15:25:05,170 - INFO - ===> Epoch 7 完成，本轮 LR: 0.000125
2026-01-23 15:25:05,171 - INFO - 平均 Loss: 0.0690
2026-01-23 15:25:05,293 - INFO - 模型权重已保存至: checkpoint_epoch_7.pth
2026-01-23 15:25:05,294 - INFO - --- 7 轮训练任务圆满完成！ ---
2026-01-23 15:25:05,295 - INFO - --- 训练结束，准备后续分析 ---
