2026-01-23 12:37:07,582 - INFO - --- 🔍 开始全方位结果分析报告 ---
2026-01-23 12:37:07,582 - INFO - 正在从训练日志中提取数据并绘图...
2026-01-23 12:37:07,808 - INFO - ✅ Loss 趋势图已保存至: loss_trend.png
2026-01-23 12:37:07,808 - INFO - 正在加载模型: checkpoint_epoch_5.pth
2026-01-23 12:37:07,979 - INFO - 正在扫描测试集图片 (8线程并行)...
2026-01-23 12:39:10,586 - INFO - 
==================== 分类报告 ====================
              precision    recall  f1-score   support

     Abiotic       0.91      0.98      0.94      4549
      Biotic       0.98      0.92      0.95      5591

    accuracy                           0.95     10140
   macro avg       0.95      0.95      0.95     10140
weighted avg       0.95      0.95      0.95     10140

2026-01-23 12:39:10,586 - INFO - 
混淆矩阵原始数据:
预测 ->	Abiotic	Biotic
实际Abiotic	4446	103
实际Biotic	430	5161
2026-01-23 12:39:10,712 - INFO - ✅ 混淆矩阵图已保存。
2026-01-23 12:39:10,712 - INFO - --- 分析任务圆满完成！ ---
2026-01-23 16:11:55,078 - INFO - --- 🔍 开始全方位结果分析报告 ---
2026-01-23 16:11:55,078 - INFO - 正在从训练日志中提取数据并绘图...
2026-01-23 16:11:55,305 - INFO - ✅ 包含 1-7 轮的趋势图已保存至: loss_trend_v2.png
2026-01-23 16:11:55,305 - INFO - 正在加载模型: checkpoint_epoch_7.pth
2026-01-23 16:11:55,477 - INFO - 正在扫描测试集图片 (8线程并行)...
2026-01-23 16:13:56,750 - INFO - 
==================== 分类报告 ====================
              precision    recall  f1-score   support

     Abiotic       0.95      0.98      0.96      4549
      Biotic       0.99      0.95      0.97      5591

    accuracy                           0.97     10140
   macro avg       0.97      0.97      0.97     10140
weighted avg       0.97      0.97      0.97     10140

2026-01-23 16:13:56,750 - INFO - 
混淆矩阵原始数据:
预测 ->	Abiotic	Biotic
实际Abiotic	4470	79
实际Biotic	255	5336
2026-01-23 16:13:56,886 - INFO - ✅ 混淆矩阵图已保存。
2026-01-23 16:13:56,886 - INFO - --- 分析任务圆满完成！ ---
2026-01-23 16:47:32,974 - INFO - --- 🔍 开始全方位结果分析报告 (高性能版) ---
2026-01-23 16:47:33,131 - INFO - ✅ Loss 趋势图已更新。
2026-01-23 16:47:33,346 - INFO - 正在加载 10140 张图片，以 Batch_Size=64 压榨性能推理...
2026-01-23 16:51:16,186 - INFO - 
==================== 分类报告 ====================
              precision    recall  f1-score   support

     Abiotic       0.95      0.98      0.96      4549
      Biotic       0.99      0.95      0.97      5591

    accuracy                           0.97     10140
   macro avg       0.97      0.97      0.97     10140
weighted avg       0.97      0.97      0.97     10140

2026-01-23 16:51:16,842 - INFO - ✅ 已抓获 334 个错题，清单保存至: D:\Aa_Polimi\Polimi_Studying\Sem3\COMMUNICATION_IN_GREEN_INFRASTRUCTURES\CGI_project\output\All_crop_train\error_analysis\all_misclassified_cases.csv
2026-01-23 16:51:16,842 - INFO - --- 🚀 全方位分析任务圆满完成！ ---
2026-01-23 16:55:51,316 - INFO - --- 🔍 开始全方位结果分析报告 (全功能版) ---
2026-01-23 16:55:51,316 - INFO - 正在从日志中恢复 Step by Step 曲线数据...
2026-01-23 16:55:51,549 - INFO - ✅ 包含 Step 细节的趋势图已保存。
2026-01-23 16:55:51,775 - INFO - 正在进行高性能推理 (Batch=64)...
2026-01-23 16:59:45,845 - INFO - 
==================== 分类报告 ====================
              precision    recall  f1-score   support

     Abiotic       0.95      0.98      0.96      4549
      Biotic       0.99      0.95      0.97      5591

    accuracy                           0.97     10140
   macro avg       0.97      0.97      0.97     10140
weighted avg       0.97      0.97      0.97     10140

2026-01-23 16:59:46,497 - INFO - ✅ 全量错题清单(共 334 条)已保存。
2026-01-23 16:59:46,498 - INFO - --- 🚀 分析任务圆满完成！ ---
