2026-01-31 20:49:09,486 - INFO - ======================================================
2026-01-31 20:49:09,486 - INFO - --- 🚀 开启性能压榨模式 (Batch=128, Workers=12) ---
2026-01-31 20:49:09,536 - INFO - 📊 类别分布统计: Biotic=8362, Abiotic=19120
2026-01-31 20:49:09,537 - INFO - ⚖️ 最终计算权重: [1.3914562463760376, 0.6085438132286072]
2026-01-31 20:49:09,673 - INFO - 🆕 未发现历史权重，将从官方预训练大脑开始训练。
2026-01-31 20:49:09,675 - INFO - Epoch 1/12 | LR: 0.001
2026-01-31 20:49:12,452 - INFO - ======================================================
2026-01-31 20:49:14,982 - INFO - ======================================================
2026-01-31 20:49:17,614 - INFO - ======================================================
2026-01-31 20:49:20,289 - INFO - ======================================================
2026-01-31 20:49:22,842 - INFO - ======================================================
2026-01-31 20:49:25,345 - INFO - ======================================================
2026-01-31 20:49:28,020 - INFO - ======================================================
2026-01-31 20:49:30,799 - INFO - ======================================================
2026-01-31 20:49:33,637 - INFO - ======================================================
2026-01-31 20:49:36,287 - INFO - ======================================================
2026-01-31 20:49:38,996 - INFO - ======================================================
2026-01-31 20:49:41,687 - INFO - ======================================================
2026-01-31 20:59:59,104 - INFO - Epoch [1/12], Step [100/215], Loss: 0.4349
2026-01-31 21:11:59,597 - INFO - Epoch [1/12], Step [200/215], Loss: 0.1143
2026-01-31 21:13:29,566 - INFO - ===> Epoch 1 完成，平均 Loss: 0.2566
2026-01-31 21:13:29,655 - INFO - 权重已保存: checkpoint_epoch_letterbox_1.pth
2026-01-31 21:13:29,656 - INFO - Epoch 2/12 | LR: 0.001
2026-01-31 21:23:02,101 - INFO - Epoch [2/12], Step [100/215], Loss: 0.2471
2026-01-31 21:28:54,070 - INFO - Epoch [2/12], Step [200/215], Loss: 0.1513
2026-01-31 21:29:37,703 - INFO - ===> Epoch 2 完成，平均 Loss: 0.1738
2026-01-31 21:29:37,732 - INFO - 权重已保存: checkpoint_epoch_letterbox_2.pth
2026-01-31 21:29:37,732 - INFO - Epoch 3/12 | LR: 0.001
2026-01-31 21:36:02,090 - INFO - Epoch [3/12], Step [100/215], Loss: 0.1464
2026-01-31 21:42:08,395 - INFO - Epoch [3/12], Step [200/215], Loss: 0.1127
2026-01-31 21:42:52,163 - INFO - ===> Epoch 3 完成，平均 Loss: 0.1491
2026-01-31 21:42:52,191 - INFO - 权重已保存: checkpoint_epoch_letterbox_3.pth
2026-01-31 21:42:52,191 - INFO - Epoch 4/12 | LR: 0.0005
2026-01-31 21:49:16,517 - INFO - Epoch [4/12], Step [100/215], Loss: 0.1551
2026-01-31 21:55:25,229 - INFO - Epoch [4/12], Step [200/215], Loss: 0.0596
2026-01-31 21:56:09,105 - INFO - ===> Epoch 4 完成，平均 Loss: 0.1042
2026-01-31 21:56:09,128 - INFO - 权重已保存: checkpoint_epoch_letterbox_4.pth
2026-01-31 21:56:09,128 - INFO - Epoch 5/12 | LR: 0.0005
2026-01-31 22:02:36,611 - INFO - Epoch [5/12], Step [100/215], Loss: 0.0594
2026-01-31 22:08:41,094 - INFO - Epoch [5/12], Step [200/215], Loss: 0.0385
2026-01-31 22:09:25,250 - INFO - ===> Epoch 5 完成，平均 Loss: 0.0840
2026-01-31 22:09:25,269 - INFO - 权重已保存: checkpoint_epoch_letterbox_5.pth
2026-01-31 22:09:25,269 - INFO - Epoch 6/12 | LR: 0.0005
2026-01-31 22:15:49,167 - INFO - Epoch [6/12], Step [100/215], Loss: 0.0894
2026-01-31 22:22:36,409 - INFO - Epoch [6/12], Step [200/215], Loss: 0.0900
2026-01-31 22:24:08,518 - INFO - ===> Epoch 6 完成，平均 Loss: 0.0765
2026-01-31 22:24:08,639 - INFO - 权重已保存: checkpoint_epoch_letterbox_6.pth
2026-01-31 22:24:08,639 - INFO - Epoch 7/12 | LR: 0.00025
2026-01-31 22:37:33,456 - INFO - Epoch [7/12], Step [100/215], Loss: 0.1499
2026-01-31 22:50:21,619 - INFO - Epoch [7/12], Step [200/215], Loss: 0.0528
2026-01-31 22:52:02,353 - INFO - ===> Epoch 7 完成，平均 Loss: 0.0513
2026-01-31 22:52:02,472 - INFO - 权重已保存: checkpoint_epoch_letterbox_7.pth
2026-01-31 22:52:02,473 - INFO - Epoch 8/12 | LR: 0.00025
2026-01-31 23:05:39,916 - INFO - Epoch [8/12], Step [100/215], Loss: 0.0229
2026-01-31 23:18:24,663 - INFO - Epoch [8/12], Step [200/215], Loss: 0.0820
2026-01-31 23:20:07,611 - INFO - ===> Epoch 8 完成，平均 Loss: 0.0437
2026-01-31 23:20:07,722 - INFO - 权重已保存: checkpoint_epoch_letterbox_8.pth
2026-01-31 23:20:07,722 - INFO - Epoch 9/12 | LR: 0.00025
2026-01-31 23:33:42,766 - INFO - Epoch [9/12], Step [100/215], Loss: 0.0392
2026-01-31 23:46:26,640 - INFO - Epoch [9/12], Step [200/215], Loss: 0.0290
2026-01-31 23:48:04,335 - INFO - ===> Epoch 9 完成，平均 Loss: 0.0391
2026-01-31 23:48:04,444 - INFO - 权重已保存: checkpoint_epoch_letterbox_9.pth
2026-01-31 23:48:04,445 - INFO - Epoch 10/12 | LR: 0.000125
2026-02-01 00:01:30,390 - INFO - Epoch [10/12], Step [100/215], Loss: 0.0281
2026-02-01 00:11:27,420 - INFO - Epoch [10/12], Step [200/215], Loss: 0.0632
2026-02-01 00:12:44,408 - INFO - ===> Epoch 10 完成，平均 Loss: 0.0301
2026-02-01 00:12:44,502 - INFO - 权重已保存: checkpoint_epoch_letterbox_10.pth
2026-02-01 00:12:44,502 - INFO - Epoch 11/12 | LR: 0.000125
2026-02-01 00:25:13,679 - INFO - Epoch [11/12], Step [100/215], Loss: 0.0414
2026-02-01 00:37:43,443 - INFO - Epoch [11/12], Step [200/215], Loss: 0.0179
2026-02-01 00:39:28,625 - INFO - ===> Epoch 11 完成，平均 Loss: 0.0262
2026-02-01 00:39:28,742 - INFO - 权重已保存: checkpoint_epoch_letterbox_11.pth
2026-02-01 00:39:28,742 - INFO - Epoch 12/12 | LR: 0.000125
2026-02-01 00:53:02,873 - INFO - Epoch [12/12], Step [100/215], Loss: 0.0371
2026-02-01 01:05:59,187 - INFO - Epoch [12/12], Step [200/215], Loss: 0.0178
2026-02-01 01:07:43,880 - INFO - ===> Epoch 12 完成，平均 Loss: 0.0242
2026-02-01 01:07:43,991 - INFO - 权重已保存: checkpoint_epoch_letterbox_12.pth
2026-02-01 01:07:43,991 - INFO - --- 🚀 性能压榨版训练圆满完成！ ---
