2026-02-03 16:52:40,489 - INFO - ======================================================
2026-02-03 16:52:40,489 - INFO - --- 🚀 开启性能压榨模式 (Batch=128, Workers=12) ---
2026-02-03 16:52:40,524 - INFO - 📊 类别分布统计: Biotic=12463, Abiotic=5688
2026-02-03 16:52:40,524 - INFO - ⚖️ 最终计算权重: [1.3732576370239258, 0.6267423033714294]
2026-02-03 16:52:40,644 - INFO - 🆕 未发现历史权重，将从官方预训练大脑开始训练。
2026-02-03 16:52:40,644 - INFO - Epoch 1/12 | LR: 0.001
2026-02-03 16:52:42,981 - INFO - ======================================================
2026-02-03 16:52:45,301 - INFO - ======================================================
2026-02-03 16:52:47,676 - INFO - ======================================================
2026-02-03 16:52:50,039 - INFO - ======================================================
2026-02-03 16:52:52,440 - INFO - ======================================================
2026-02-03 16:52:54,800 - INFO - ======================================================
2026-02-03 16:52:57,243 - INFO - ======================================================
2026-02-03 16:52:59,608 - INFO - ======================================================
2026-02-03 16:53:02,026 - INFO - ======================================================
2026-02-03 16:53:04,369 - INFO - ======================================================
2026-02-03 16:53:06,755 - INFO - ======================================================
2026-02-03 16:53:09,142 - INFO - ======================================================
2026-02-03 17:05:30,566 - INFO - Epoch [1/12], Step [100/142], Loss: 0.1844
2026-02-03 17:10:22,730 - INFO - ===> Epoch 1 完成，平均 Loss: 0.1692
2026-02-03 17:10:22,853 - INFO - 权重已保存: checkpoint_epoch_letterbox_NoAloeVera_1.pth
2026-02-03 17:10:22,853 - INFO - Epoch 2/12 | LR: 0.001
2026-02-03 17:24:57,419 - INFO - Epoch [2/12], Step [100/142], Loss: 0.2025
2026-02-03 17:29:44,922 - INFO - ===> Epoch 2 完成，平均 Loss: 0.1080
2026-02-03 17:29:45,055 - INFO - 权重已保存: checkpoint_epoch_letterbox_NoAloeVera_2.pth
2026-02-03 17:29:45,056 - INFO - Epoch 3/12 | LR: 0.001
2026-02-03 17:42:57,801 - INFO - Epoch [3/12], Step [100/142], Loss: 0.0764
2026-02-03 17:48:15,839 - INFO - ===> Epoch 3 完成，平均 Loss: 0.0865
2026-02-03 17:48:15,995 - INFO - 权重已保存: checkpoint_epoch_letterbox_NoAloeVera_3.pth
2026-02-03 17:48:15,995 - INFO - Epoch 4/12 | LR: 0.0005
2026-02-03 18:02:14,099 - INFO - Epoch [4/12], Step [100/142], Loss: 0.0790
2026-02-03 18:07:22,362 - INFO - ===> Epoch 4 完成，平均 Loss: 0.0541
2026-02-03 18:07:22,475 - INFO - 权重已保存: checkpoint_epoch_letterbox_NoAloeVera_4.pth
2026-02-03 18:07:22,475 - INFO - Epoch 5/12 | LR: 0.0005
2026-02-03 18:20:25,176 - INFO - Epoch [5/12], Step [100/142], Loss: 0.0146
2026-02-03 18:24:59,561 - INFO - ===> Epoch 5 完成，平均 Loss: 0.0460
2026-02-03 18:24:59,687 - INFO - 权重已保存: checkpoint_epoch_letterbox_NoAloeVera_5.pth
2026-02-03 18:24:59,688 - INFO - Epoch 6/12 | LR: 0.0005
2026-02-03 18:36:14,229 - INFO - Epoch [6/12], Step [100/142], Loss: 0.0140
2026-02-03 18:41:04,041 - INFO - ===> Epoch 6 完成，平均 Loss: 0.0371
2026-02-03 18:41:04,153 - INFO - 权重已保存: checkpoint_epoch_letterbox_NoAloeVera_6.pth
2026-02-03 18:41:04,153 - INFO - Epoch 7/12 | LR: 0.00025
2026-02-03 18:52:34,671 - INFO - Epoch [7/12], Step [100/142], Loss: 0.0442
2026-02-03 18:56:08,974 - INFO - ===> Epoch 7 完成，平均 Loss: 0.0258
2026-02-03 18:56:08,998 - INFO - 权重已保存: checkpoint_epoch_letterbox_NoAloeVera_7.pth
2026-02-03 18:56:08,998 - INFO - Epoch 8/12 | LR: 0.00025
2026-02-03 19:08:21,906 - INFO - Epoch [8/12], Step [100/142], Loss: 0.0196
2026-02-03 19:11:09,092 - INFO - ===> Epoch 8 完成，平均 Loss: 0.0229
2026-02-03 19:11:09,191 - INFO - 权重已保存: checkpoint_epoch_letterbox_NoAloeVera_8.pth
2026-02-03 19:11:09,192 - INFO - Epoch 9/12 | LR: 0.00025
2026-02-03 19:20:51,718 - INFO - Epoch [9/12], Step [100/142], Loss: 0.0045
2026-02-03 19:23:25,239 - INFO - ===> Epoch 9 完成，平均 Loss: 0.0199
2026-02-03 19:23:25,277 - INFO - 权重已保存: checkpoint_epoch_letterbox_NoAloeVera_9.pth
2026-02-03 19:23:25,277 - INFO - Epoch 10/12 | LR: 0.000125
