2026-01-28 01:42:52,415 - INFO - --- 🚀 开启性能压榨模式 (Batch=128, Workers=12) ---
2026-01-28 01:42:52,503 - INFO - 📊 类别分布统计: Biotic=18194, Abiotic=22365
2026-01-28 01:42:52,505 - INFO - ⚖️ 最终计算权重: [1.1028379201889038, 0.8971621990203857]
2026-01-28 01:42:52,683 - INFO - 🆕 未发现历史权重，将从官方预训练大脑开始训练。
2026-01-28 01:42:52,683 - INFO - Epoch 1/12 | LR: 0.001
2026-01-28 02:00:19,635 - INFO - --- 🚀 开启性能压榨模式 (Batch=128, Workers=12) ---
2026-01-28 02:00:19,683 - INFO - 📊 类别分布统计: Biotic=17209, Abiotic=19119
2026-01-28 02:00:19,684 - INFO - ⚖️ 最终计算权重: [1.0525765419006348, 0.9474234580993652]
2026-01-28 02:00:19,796 - INFO - 🆕 未发现历史权重，将从官方预训练大脑开始训练。
2026-01-28 02:00:19,796 - INFO - Epoch 1/12 | LR: 0.001
2026-01-28 02:06:30,066 - INFO - Epoch [1/12], Step [100/284], Loss: 0.3136
2026-01-28 02:12:07,937 - INFO - Epoch [1/12], Step [200/284], Loss: 0.2838
2026-01-28 02:16:42,390 - INFO - ===> Epoch 1 完成，平均 Loss: 0.2931
2026-01-28 02:16:42,433 - INFO - 权重已保存: checkpoint_epoch_letterbox_1.pth
2026-01-28 02:16:42,433 - INFO - Epoch 2/12 | LR: 0.001
2026-01-28 02:25:03,411 - INFO - Epoch [2/12], Step [100/284], Loss: 0.1883
2026-01-28 02:38:41,389 - INFO - Epoch [2/12], Step [200/284], Loss: 0.2148
2026-01-28 02:49:39,506 - INFO - ===> Epoch 2 完成，平均 Loss: 0.2117
2026-01-28 02:49:39,630 - INFO - 权重已保存: checkpoint_epoch_letterbox_2.pth
2026-01-28 02:49:39,636 - INFO - Epoch 3/12 | LR: 0.001
2026-01-28 03:02:12,000 - INFO - Epoch [3/12], Step [100/284], Loss: 0.1702
2026-01-28 03:08:11,345 - INFO - Epoch [3/12], Step [200/284], Loss: 0.1395
2026-01-28 03:17:37,710 - INFO - ===> Epoch 3 完成，平均 Loss: 0.1844
2026-01-28 03:17:37,877 - INFO - 权重已保存: checkpoint_epoch_letterbox_3.pth
2026-01-28 03:17:37,877 - INFO - Epoch 4/12 | LR: 0.0005
2026-01-28 03:28:40,026 - INFO - Epoch [4/12], Step [100/284], Loss: 0.0954
2026-01-28 03:34:23,159 - INFO - Epoch [4/12], Step [200/284], Loss: 0.1082
2026-01-28 03:39:04,091 - INFO - ===> Epoch 4 完成，平均 Loss: 0.1405
2026-01-28 03:39:04,134 - INFO - 权重已保存: checkpoint_epoch_letterbox_4.pth
2026-01-28 03:39:04,134 - INFO - Epoch 5/12 | LR: 0.0005
2026-01-28 03:45:18,168 - INFO - Epoch [5/12], Step [100/284], Loss: 0.1110
2026-01-28 03:51:24,991 - INFO - Epoch [5/12], Step [200/284], Loss: 0.1030
2026-01-28 03:56:15,753 - INFO - ===> Epoch 5 完成，平均 Loss: 0.1121
2026-01-28 03:56:15,783 - INFO - 权重已保存: checkpoint_epoch_letterbox_5.pth
2026-01-28 03:56:15,783 - INFO - Epoch 6/12 | LR: 0.0005
2026-01-28 04:02:36,978 - INFO - Epoch [6/12], Step [100/284], Loss: 0.1065
2026-01-28 04:08:44,805 - INFO - Epoch [6/12], Step [200/284], Loss: 0.0474
2026-01-28 04:13:35,332 - INFO - ===> Epoch 6 完成，平均 Loss: 0.1023
2026-01-28 04:13:35,373 - INFO - 权重已保存: checkpoint_epoch_letterbox_6.pth
2026-01-28 04:13:35,373 - INFO - Epoch 7/12 | LR: 0.00025
2026-01-28 04:19:58,222 - INFO - Epoch [7/12], Step [100/284], Loss: 0.0607
2026-01-28 04:26:09,247 - INFO - Epoch [7/12], Step [200/284], Loss: 0.0774
2026-01-28 04:31:05,195 - INFO - ===> Epoch 7 完成，平均 Loss: 0.0700
2026-01-28 04:31:05,218 - INFO - 权重已保存: checkpoint_epoch_letterbox_7.pth
2026-01-28 04:31:05,218 - INFO - Epoch 8/12 | LR: 0.00025
2026-01-28 04:37:31,531 - INFO - Epoch [8/12], Step [100/284], Loss: 0.0511
2026-01-28 04:43:40,109 - INFO - Epoch [8/12], Step [200/284], Loss: 0.0875
2026-01-28 04:48:35,031 - INFO - ===> Epoch 8 完成，平均 Loss: 0.0610
2026-01-28 04:48:35,061 - INFO - 权重已保存: checkpoint_epoch_letterbox_8.pth
2026-01-28 04:48:35,062 - INFO - Epoch 9/12 | LR: 0.00025
2026-01-28 04:54:57,667 - INFO - Epoch [9/12], Step [100/284], Loss: 0.0230
2026-01-28 05:01:05,630 - INFO - Epoch [9/12], Step [200/284], Loss: 0.0339
2026-01-28 05:05:56,902 - INFO - ===> Epoch 9 完成，平均 Loss: 0.0556
2026-01-28 05:05:56,933 - INFO - 权重已保存: checkpoint_epoch_letterbox_9.pth
2026-01-28 05:05:56,933 - INFO - Epoch 10/12 | LR: 0.000125
2026-01-28 05:12:18,220 - INFO - Epoch [10/12], Step [100/284], Loss: 0.0367
2026-01-28 05:18:28,285 - INFO - Epoch [10/12], Step [200/284], Loss: 0.0121
2026-01-28 05:23:22,798 - INFO - ===> Epoch 10 完成，平均 Loss: 0.0405
2026-01-28 05:23:22,833 - INFO - 权重已保存: checkpoint_epoch_letterbox_10.pth
2026-01-28 05:23:22,834 - INFO - Epoch 11/12 | LR: 0.000125
2026-01-28 05:29:48,937 - INFO - Epoch [11/12], Step [100/284], Loss: 0.0183
2026-01-28 05:35:59,894 - INFO - Epoch [11/12], Step [200/284], Loss: 0.0653
2026-01-28 05:40:51,748 - INFO - ===> Epoch 11 完成，平均 Loss: 0.0353
2026-01-28 05:40:51,787 - INFO - 权重已保存: checkpoint_epoch_letterbox_11.pth
2026-01-28 05:40:51,787 - INFO - Epoch 12/12 | LR: 0.000125
2026-01-28 05:47:18,745 - INFO - Epoch [12/12], Step [100/284], Loss: 0.0073
2026-01-28 05:53:33,051 - INFO - Epoch [12/12], Step [200/284], Loss: 0.0090
2026-01-28 05:58:28,192 - INFO - ===> Epoch 12 完成，平均 Loss: 0.0330
2026-01-28 05:58:28,226 - INFO - 权重已保存: checkpoint_epoch_letterbox_12.pth
2026-01-28 05:58:28,226 - INFO - --- 🚀 性能压榨版训练圆满完成！ ---
