2026-01-24 01:22:35,020 - INFO - --- 🔍 开始 Logic_V1 全方位评估报告 (找回旧版数值标注) ---
2026-01-24 01:22:35,427 - INFO - ✅ 带数值标注的趋势图已保存至: loss_trend_logic_v1_pth12.png
2026-01-24 01:26:39,834 - INFO - 
==================== F1 / Precision / Recall 报告 ====================
              precision    recall  f1-score   support

     Abiotic       0.96      0.97      0.96      4549
      Biotic       0.97      0.97      0.97      5591

    accuracy                           0.97     10140
   macro avg       0.97      0.97      0.97     10140
weighted avg       0.97      0.97      0.97     10140

2026-01-24 01:26:40,531 - INFO - ✅ 混淆矩阵图已保存至: confusion_matrix_logic_v1_pth12.png
2026-01-24 01:26:40,576 - INFO - ✅ 错题明细与作物诊断报告已存入: output\All_crop_train_logic_v1\error_analysis
2026-01-24 01:26:40,585 - INFO - 
--- 作物偏科概览 ---
     Crop  Error_Count  Total_In_Test  Error_Rate (%)
 AloeVera          176           3264            5.39
   Tomato           65           1328            4.89
Carambola           75           1828            4.10
    Wheat            2            204            0.98
   Chilli           10           1852            0.54
   cherry            1            214            0.47
    Mazie            1            703            0.14
2026-01-24 01:26:40,588 - INFO - --- 🚀 分析任务圆满完成！ ---
