2026-01-23 17:40:35,192 - INFO - --- 🚀 开启性能压榨模式 (Batch=128, Workers=12) ---
2026-01-23 17:40:35,386 - INFO - 🆕 未发现历史权重，将从官方预训练大脑开始训练。
2026-01-23 17:40:35,389 - INFO - Epoch 1/9 | LR: 0.001
2026-01-23 17:46:56,558 - INFO - Epoch [1/9], Step [100/317], Loss: 0.3095
2026-01-23 17:52:57,573 - INFO - Epoch [1/9], Step [200/317], Loss: 0.3459
2026-01-23 17:58:50,201 - INFO - Epoch [1/9], Step [300/317], Loss: 0.1725
2026-01-23 17:59:39,008 - INFO - ===> Epoch 1 完成，平均 Loss: 0.2884
2026-01-23 17:59:39,041 - INFO - 权重已保存: checkpoint_epoch_1.pth
2026-01-23 17:59:39,041 - INFO - Epoch 2/9 | LR: 0.001
2026-01-23 18:05:41,192 - INFO - Epoch [2/9], Step [100/317], Loss: 0.1937
2026-01-23 18:11:29,266 - INFO - Epoch [2/9], Step [200/317], Loss: 0.2373
2026-01-23 18:17:16,000 - INFO - Epoch [2/9], Step [300/317], Loss: 0.1999
2026-01-23 18:18:05,304 - INFO - ===> Epoch 2 完成，平均 Loss: 0.2137
2026-01-23 18:18:05,334 - INFO - 权重已保存: checkpoint_epoch_2.pth
2026-01-23 18:18:05,334 - INFO - Epoch 3/9 | LR: 0.001
2026-01-23 18:24:04,556 - INFO - Epoch [3/9], Step [100/317], Loss: 0.1286
2026-01-23 18:29:50,738 - INFO - Epoch [3/9], Step [200/317], Loss: 0.2565
2026-01-23 18:36:06,171 - INFO - Epoch [3/9], Step [300/317], Loss: 0.1341
2026-01-23 18:36:54,408 - INFO - ===> Epoch 3 完成，平均 Loss: 0.1845
2026-01-23 18:36:54,444 - INFO - 权重已保存: checkpoint_epoch_3.pth
2026-01-23 18:36:54,444 - INFO - Epoch 4/9 | LR: 0.0005
2026-01-23 18:45:48,322 - INFO - Epoch [4/9], Step [100/317], Loss: 0.1870
2026-01-23 18:57:22,216 - INFO - Epoch [4/9], Step [200/317], Loss: 0.1148
2026-01-23 19:08:52,358 - INFO - Epoch [4/9], Step [300/317], Loss: 0.1355
2026-01-23 19:10:39,772 - INFO - ===> Epoch 4 完成，平均 Loss: 0.1383
2026-01-23 19:10:39,920 - INFO - 权重已保存: checkpoint_epoch_4.pth
2026-01-23 19:10:39,920 - INFO - Epoch 5/9 | LR: 0.0005
2026-01-23 19:22:57,900 - INFO - Epoch [5/9], Step [100/317], Loss: 0.1351
2026-01-23 19:34:33,720 - INFO - Epoch [5/9], Step [200/317], Loss: 0.1780
2026-01-23 19:46:12,837 - INFO - Epoch [5/9], Step [300/317], Loss: 0.1344
2026-01-23 19:47:58,413 - INFO - ===> Epoch 5 完成，平均 Loss: 0.1195
2026-01-23 19:47:58,530 - INFO - 权重已保存: checkpoint_epoch_5.pth
2026-01-23 19:47:58,530 - INFO - Epoch 6/9 | LR: 0.0005
2026-01-23 20:00:03,856 - INFO - Epoch [6/9], Step [100/317], Loss: 0.1154
2026-01-23 20:10:55,568 - INFO - Epoch [6/9], Step [200/317], Loss: 0.0720
2026-01-23 20:16:33,334 - INFO - Epoch [6/9], Step [300/317], Loss: 0.1130
2026-01-23 20:17:22,588 - INFO - ===> Epoch 6 完成，平均 Loss: 0.1037
2026-01-23 20:17:22,624 - INFO - 权重已保存: checkpoint_epoch_6.pth
2026-01-23 20:17:22,625 - INFO - Epoch 7/9 | LR: 0.00025
2026-01-23 20:23:28,894 - INFO - Epoch [7/9], Step [100/317], Loss: 0.0612
2026-01-23 20:29:24,503 - INFO - Epoch [7/9], Step [200/317], Loss: 0.0670
2026-01-23 20:38:49,088 - INFO - Epoch [7/9], Step [300/317], Loss: 0.1083
2026-01-23 20:40:37,178 - INFO - ===> Epoch 7 完成，平均 Loss: 0.0762
2026-01-23 20:40:37,305 - INFO - 权重已保存: checkpoint_epoch_7.pth
2026-01-23 20:40:37,306 - INFO - Epoch 8/9 | LR: 0.00025
2026-01-23 20:52:34,189 - INFO - Epoch [8/9], Step [100/317], Loss: 0.0683
2026-01-23 21:03:41,931 - INFO - Epoch [8/9], Step [200/317], Loss: 0.0492
2026-01-23 21:14:39,286 - INFO - Epoch [8/9], Step [300/317], Loss: 0.0457
2026-01-23 21:16:23,035 - INFO - ===> Epoch 8 完成，平均 Loss: 0.0644
2026-01-23 21:16:23,193 - INFO - 权重已保存: checkpoint_epoch_8.pth
2026-01-23 21:16:23,194 - INFO - Epoch 9/9 | LR: 0.00025
2026-01-23 21:27:52,649 - INFO - Epoch [9/9], Step [100/317], Loss: 0.0910
2026-01-23 21:37:58,010 - INFO - Epoch [9/9], Step [200/317], Loss: 0.0568
2026-01-23 21:48:20,239 - INFO - Epoch [9/9], Step [300/317], Loss: 0.0278
2026-01-23 21:50:00,896 - INFO - ===> Epoch 9 完成，平均 Loss: 0.0568
2026-01-23 21:50:01,048 - INFO - 权重已保存: checkpoint_epoch_9.pth
2026-01-23 21:50:01,048 - INFO - --- 🚀 性能压榨版训练圆满完成！ ---
2026-01-23 23:09:49,003 - INFO - --- 🚀 开启性能压榨模式 (Batch=128, Workers=12) ---
2026-01-23 23:09:49,999 - INFO - 🔄 发现最新大脑：checkpoint_epoch_9.pth，正在接力训练...
2026-01-23 23:09:50,236 - INFO - ✅ 已加载第 9 轮权重，将从第 10 轮继续。
2026-01-23 23:09:50,238 - INFO - Epoch 10/12 | LR: 0.000125
2026-01-23 23:16:47,379 - INFO - Epoch [10/12], Step [100/317], Loss: 0.0289
2026-01-23 23:22:14,402 - INFO - Epoch [10/12], Step [200/317], Loss: 0.0471
2026-01-23 23:35:25,391 - INFO - Epoch [10/12], Step [300/317], Loss: 0.0281
2026-01-23 23:37:18,497 - INFO - ===> Epoch 10 完成，平均 Loss: 0.0428
2026-01-23 23:37:18,684 - INFO - 权重已保存: checkpoint_epoch_10.pth
2026-01-23 23:37:18,688 - INFO - Epoch 11/12 | LR: 0.000125
2026-01-23 23:49:46,880 - INFO - Epoch [11/12], Step [100/317], Loss: 0.0492
2026-01-24 00:01:45,539 - INFO - Epoch [11/12], Step [200/317], Loss: 0.0409
2026-01-24 00:13:18,367 - INFO - Epoch [11/12], Step [300/317], Loss: 0.0406
2026-01-24 00:15:07,419 - INFO - ===> Epoch 11 完成，平均 Loss: 0.0367
2026-01-24 00:15:07,557 - INFO - 权重已保存: checkpoint_epoch_11.pth
2026-01-24 00:15:07,557 - INFO - Epoch 12/12 | LR: 0.000125
2026-01-24 00:27:07,299 - INFO - Epoch [12/12], Step [100/317], Loss: 0.0219
2026-01-24 00:38:10,356 - INFO - Epoch [12/12], Step [200/317], Loss: 0.0076
2026-01-24 00:49:16,580 - INFO - Epoch [12/12], Step [300/317], Loss: 0.0069
2026-01-24 00:51:04,311 - INFO - ===> Epoch 12 完成，平均 Loss: 0.0327
2026-01-24 00:51:04,524 - INFO - 权重已保存: checkpoint_epoch_12.pth
2026-01-24 00:51:04,525 - INFO - --- 🚀 性能压榨版训练圆满完成！ ---
